// Vitest Snapshot v1, https://vitest.dev/guide/snapshot.html

exports[`the synthesized template > matches the pinned snapshot 1`] = `
{
  "Outputs": {
    "ApiBaseUrl": {
      "Description": "VITE_API_BASE_URL for the apps/web build that is uploaded to SiteBucket",
      "Value": {
        "Fn::Join": [
          "",
          [
            "https://",
            {
              "Fn::GetAtt": [
                "Alb16C2F182",
                "DNSName",
              ],
            },
          ],
        ],
      },
    },
    "DashboardUrl": {
      "Description": "The dashboard origin, and the server's CORS_ORIGIN",
      "Value": {
        "Fn::Join": [
          "",
          [
            "https://",
            {
              "Fn::GetAtt": [
                "SiteDistribution3FF9535D",
                "DomainName",
              ],
            },
          ],
        ],
      },
    },
  },
  "Parameters": {
    "BootstrapVersion": {
      "Default": "/cdk-bootstrap/hnb659fds/version",
      "Description": "Version of the CDK Bootstrap resources in this environment, automatically retrieved from SSM Parameter Store. [cdk:skip]",
      "Type": "AWS::SSM::Parameter::Value<String>",
    },
  },
  "Resources": {
    "Alb16C2F182": {
      "DependsOn": [
        "VpcPublicSubnet1DefaultRoute3DA9E72A",
        "VpcPublicSubnet1RouteTableAssociation97140677",
        "VpcPublicSubnet2DefaultRoute97F91067",
        "VpcPublicSubnet2RouteTableAssociationDD5762D8",
      ],
      "Properties": {
        "LoadBalancerAttributes": [
          {
            "Key": "deletion_protection.enabled",
            "Value": "false",
          },
          {
            "Key": "idle_timeout.timeout_seconds",
            "Value": "100",
          },
        ],
        "Scheme": "internet-facing",
        "SecurityGroups": [
          {
            "Fn::GetAtt": [
              "AlbSecurityGroup580F65A6",
              "GroupId",
            ],
          },
        ],
        "Subnets": [
          {
            "Ref": "VpcPublicSubnet1Subnet5C2D37C4",
          },
          {
            "Ref": "VpcPublicSubnet2Subnet691E08A3",
          },
        ],
        "Type": "application",
      },
      "Type": "AWS::ElasticLoadBalancingV2::LoadBalancer",
    },
    "AlbApi423875CF": {
      "Properties": {
        "Certificates": [
          {
            "CertificateArn": "arn:aws:acm:eu-west-1:111122223333:certificate/11111111-2222-3333-4444-555555555555",
          },
        ],
        "DefaultActions": [
          {
            "TargetGroupArn": {
              "Ref": "ServerTargets186942C0",
            },
            "Type": "forward",
          },
        ],
        "LoadBalancerArn": {
          "Ref": "Alb16C2F182",
        },
        "Port": 443,
        "Protocol": "HTTPS",
        "SslPolicy": "ELBSecurityPolicy-TLS13-1-2-2021-06",
      },
      "Type": "AWS::ElasticLoadBalancingV2::Listener",
    },
    "AlbSecurityGroup580F65A6": {
      "Properties": {
        "GroupDescription": "Automatically created Security Group for ELB MaekbeatAlb975C176B",
        "SecurityGroupIngress": [
          {
            "CidrIp": "0.0.0.0/0",
            "Description": "Allow from anyone on port 443",
            "FromPort": 443,
            "IpProtocol": "tcp",
            "ToPort": 443,
          },
        ],
        "VpcId": {
          "Ref": "Vpc8378EB38",
        },
      },
      "Type": "AWS::EC2::SecurityGroup",
    },
    "AlbSecurityGrouptoMaekbeatServerServiceSecurityGroupD5D1A3153000604A93BE": {
      "Properties": {
        "Description": "Load balancer to target",
        "DestinationSecurityGroupId": {
          "Fn::GetAtt": [
            "ServerServiceSecurityGroup30907EC7",
            "GroupId",
          ],
        },
        "FromPort": 3000,
        "GroupId": {
          "Fn::GetAtt": [
            "AlbSecurityGroup580F65A6",
            "GroupId",
          ],
        },
        "IpProtocol": "tcp",
        "ToPort": 3000,
      },
      "Type": "AWS::EC2::SecurityGroupEgress",
    },
    "ClusterEB0386A7": {
      "Properties": {
        "ClusterSettings": [
          {
            "Name": "containerInsights",
            "Value": "enabled",
          },
        ],
      },
      "Type": "AWS::ECS::Cluster",
    },
    "ServerImagesA8C4B80B": {
      "DeletionPolicy": "Retain",
      "Properties": {
        "ImageScanningConfiguration": {
          "ScanOnPush": true,
        },
        "ImageTagMutability": "IMMUTABLE",
      },
      "Type": "AWS::ECR::Repository",
      "UpdateReplacePolicy": "Retain",
    },
    "ServerLogsD9948953": {
      "DeletionPolicy": "Delete",
      "Properties": {
        "RetentionInDays": 30,
      },
      "Type": "AWS::Logs::LogGroup",
      "UpdateReplacePolicy": "Delete",
    },
    "ServerService5A7CA185": {
      "DependsOn": [
        "AlbApi423875CF",
        "ServerTaskTaskRoleD7FF0F3F",
      ],
      "Properties": {
        "Cluster": {
          "Ref": "ClusterEB0386A7",
        },
        "DeploymentConfiguration": {
          "Alarms": {
            "AlarmNames": [],
            "Enable": false,
            "Rollback": false,
          },
          "DeploymentCircuitBreaker": {
            "Enable": true,
            "Rollback": true,
          },
          "MaximumPercent": 100,
          "MinimumHealthyPercent": 0,
        },
        "DeploymentController": {
          "Type": "ECS",
        },
        "DesiredCount": 1,
        "EnableECSManagedTags": false,
        "HealthCheckGracePeriodSeconds": 60,
        "LaunchType": "FARGATE",
        "LoadBalancers": [
          {
            "ContainerName": "server",
            "ContainerPort": 3000,
            "TargetGroupArn": {
              "Ref": "ServerTargets186942C0",
            },
          },
        ],
        "NetworkConfiguration": {
          "AwsvpcConfiguration": {
            "AssignPublicIp": "DISABLED",
            "SecurityGroups": [
              {
                "Fn::GetAtt": [
                  "ServerServiceSecurityGroup30907EC7",
                  "GroupId",
                ],
              },
            ],
            "Subnets": [
              {
                "Ref": "VpcPrivateSubnet1Subnet536B997A",
              },
              {
                "Ref": "VpcPrivateSubnet2Subnet3788AAA1",
              },
            ],
          },
        },
        "TaskDefinition": {
          "Ref": "ServerTask7FF92FBB",
        },
      },
      "Type": "AWS::ECS::Service",
    },
    "ServerServiceSecurityGroup30907EC7": {
      "DependsOn": [
        "ServerTaskTaskRoleD7FF0F3F",
      ],
      "Properties": {
        "GroupDescription": "Maekbeat/ServerService/SecurityGroup",
        "SecurityGroupEgress": [
          {
            "CidrIp": "0.0.0.0/0",
            "Description": "Allow all outbound traffic by default",
            "IpProtocol": "-1",
          },
        ],
        "VpcId": {
          "Ref": "Vpc8378EB38",
        },
      },
      "Type": "AWS::EC2::SecurityGroup",
    },
    "ServerServiceSecurityGroupfromMaekbeatAlbSecurityGroupF426BB43300054D42D16": {
      "DependsOn": [
        "ServerTaskTaskRoleD7FF0F3F",
      ],
      "Properties": {
        "Description": "Load balancer to target",
        "FromPort": 3000,
        "GroupId": {
          "Fn::GetAtt": [
            "ServerServiceSecurityGroup30907EC7",
            "GroupId",
          ],
        },
        "IpProtocol": "tcp",
        "SourceSecurityGroupId": {
          "Fn::GetAtt": [
            "AlbSecurityGroup580F65A6",
            "GroupId",
          ],
        },
        "ToPort": 3000,
      },
      "Type": "AWS::EC2::SecurityGroupIngress",
    },
    "ServerTargets186942C0": {
      "Properties": {
        "HealthCheckIntervalSeconds": 15,
        "HealthCheckPath": "/healthz",
        "HealthCheckTimeoutSeconds": 5,
        "Matcher": {
          "HttpCode": "200",
        },
        "Port": 3000,
        "Protocol": "HTTP",
        "TargetGroupAttributes": [
          {
            "Key": "deregistration_delay.timeout_seconds",
            "Value": "10",
          },
          {
            "Key": "stickiness.enabled",
            "Value": "false",
          },
        ],
        "TargetType": "ip",
        "VpcId": {
          "Ref": "Vpc8378EB38",
        },
      },
      "Type": "AWS::ElasticLoadBalancingV2::TargetGroup",
    },
    "ServerTask7FF92FBB": {
      "Properties": {
        "ContainerDefinitions": [
          {
            "Environment": [
              {
                "Name": "LOG_LEVEL",
                "Value": "info",
              },
              {
                "Name": "CORS_ORIGIN",
                "Value": {
                  "Fn::Join": [
                    "",
                    [
                      "https://",
                      {
                        "Fn::GetAtt": [
                          "SiteDistribution3FF9535D",
                          "DomainName",
                        ],
                      },
                    ],
                  ],
                },
              },
              {
                "Name": "STREAM_HEARTBEAT_MS",
                "Value": "25000",
              },
              {
                "Name": "BUILD_REVISION",
                "Value": "0f1e2d3c4b5a69788796a5b4c3d2e1f0deadbeef",
              },
            ],
            "Essential": true,
            "Image": {
              "Fn::Join": [
                "",
                [
                  {
                    "Fn::Select": [
                      4,
                      {
                        "Fn::Split": [
                          ":",
                          {
                            "Fn::GetAtt": [
                              "ServerImagesA8C4B80B",
                              "Arn",
                            ],
                          },
                        ],
                      },
                    ],
                  },
                  ".dkr.ecr.",
                  {
                    "Fn::Select": [
                      3,
                      {
                        "Fn::Split": [
                          ":",
                          {
                            "Fn::GetAtt": [
                              "ServerImagesA8C4B80B",
                              "Arn",
                            ],
                          },
                        ],
                      },
                    ],
                  },
                  ".",
                  {
                    "Ref": "AWS::URLSuffix",
                  },
                  "/",
                  {
                    "Ref": "ServerImagesA8C4B80B",
                  },
                  ":0f1e2d3c4b5a69788796a5b4c3d2e1f0deadbeef",
                ],
              ],
            },
            "LogConfiguration": {
              "LogDriver": "awslogs",
              "Options": {
                "awslogs-group": {
                  "Ref": "ServerLogsD9948953",
                },
                "awslogs-region": {
                  "Ref": "AWS::Region",
                },
                "awslogs-stream-prefix": "server",
              },
            },
            "Name": "server",
            "PortMappings": [
              {
                "ContainerPort": 3000,
                "Protocol": "tcp",
              },
            ],
          },
        ],
        "Cpu": "512",
        "ExecutionRoleArn": {
          "Fn::GetAtt": [
            "ServerTaskExecutionRole828047EC",
            "Arn",
          ],
        },
        "Family": "MaekbeatServerTask26C4BB81",
        "Memory": "1024",
        "NetworkMode": "awsvpc",
        "RequiresCompatibilities": [
          "FARGATE",
        ],
        "TaskRoleArn": {
          "Fn::GetAtt": [
            "ServerTaskTaskRoleD7FF0F3F",
            "Arn",
          ],
        },
      },
      "Type": "AWS::ECS::TaskDefinition",
    },
    "ServerTaskExecutionRole828047EC": {
      "Properties": {
        "AssumeRolePolicyDocument": {
          "Statement": [
            {
              "Action": "sts:AssumeRole",
              "Effect": "Allow",
              "Principal": {
                "Service": "ecs-tasks.amazonaws.com",
              },
            },
          ],
          "Version": "2012-10-17",
        },
      },
      "Type": "AWS::IAM::Role",
    },
    "ServerTaskExecutionRoleDefaultPolicy93ABB536": {
      "Properties": {
        "PolicyDocument": {
          "Statement": [
            {
              "Action": [
                "ecr:BatchCheckLayerAvailability",
                "ecr:GetDownloadUrlForLayer",
                "ecr:BatchGetImage",
              ],
              "Effect": "Allow",
              "Resource": {
                "Fn::GetAtt": [
                  "ServerImagesA8C4B80B",
                  "Arn",
                ],
              },
            },
            {
              "Action": "ecr:GetAuthorizationToken",
              "Effect": "Allow",
              "Resource": "*",
            },
            {
              "Action": [
                "logs:CreateLogStream",
                "logs:PutLogEvents",
              ],
              "Effect": "Allow",
              "Resource": {
                "Fn::GetAtt": [
                  "ServerLogsD9948953",
                  "Arn",
                ],
              },
            },
          ],
          "Version": "2012-10-17",
        },
        "PolicyName": "ServerTaskExecutionRoleDefaultPolicy93ABB536",
        "Roles": [
          {
            "Ref": "ServerTaskExecutionRole828047EC",
          },
        ],
      },
      "Type": "AWS::IAM::Policy",
    },
    "ServerTaskTaskRoleD7FF0F3F": {
      "Properties": {
        "AssumeRolePolicyDocument": {
          "Statement": [
            {
              "Action": "sts:AssumeRole",
              "Effect": "Allow",
              "Principal": {
                "Service": "ecs-tasks.amazonaws.com",
              },
            },
          ],
          "Version": "2012-10-17",
        },
      },
      "Type": "AWS::IAM::Role",
    },
    "SiteBucket397A1860": {
      "DeletionPolicy": "Retain",
      "Properties": {
        "BucketEncryption": {
          "ServerSideEncryptionConfiguration": [
            {
              "ServerSideEncryptionByDefault": {
                "SSEAlgorithm": "AES256",
              },
            },
          ],
        },
        "PublicAccessBlockConfiguration": {
          "BlockPublicAcls": true,
          "BlockPublicPolicy": true,
          "IgnorePublicAcls": true,
          "RestrictPublicBuckets": true,
        },
        "VersioningConfiguration": {
          "Status": "Enabled",
        },
      },
      "Type": "AWS::S3::Bucket",
      "UpdateReplacePolicy": "Retain",
    },
    "SiteBucketPolicy3AC1D0F8": {
      "Properties": {
        "Bucket": {
          "Ref": "SiteBucket397A1860",
        },
        "PolicyDocument": {
          "Statement": [
            {
              "Action": "s3:*",
              "Condition": {
                "Bool": {
                  "aws:SecureTransport": "false",
                },
              },
              "Effect": "Deny",
              "Principal": {
                "AWS": "*",
              },
              "Resource": [
                {
                  "Fn::GetAtt": [
                    "SiteBucket397A1860",
                    "Arn",
                  ],
                },
                {
                  "Fn::Join": [
                    "",
                    [
                      {
                        "Fn::GetAtt": [
                          "SiteBucket397A1860",
                          "Arn",
                        ],
                      },
                      "/*",
                    ],
                  ],
                },
              ],
            },
            {
              "Action": "s3:GetObject",
              "Condition": {
                "StringEquals": {
                  "AWS:SourceArn": {
                    "Fn::Join": [
                      "",
                      [
                        "arn:",
                        {
                          "Ref": "AWS::Partition",
                        },
                        ":cloudfront::",
                        {
                          "Ref": "AWS::AccountId",
                        },
                        ":distribution/",
                        {
                          "Ref": "SiteDistribution3FF9535D",
                        },
                      ],
                    ],
                  },
                },
              },
              "Effect": "Allow",
              "Principal": {
                "Service": "cloudfront.amazonaws.com",
              },
              "Resource": {
                "Fn::Join": [
                  "",
                  [
                    {
                      "Fn::GetAtt": [
                        "SiteBucket397A1860",
                        "Arn",
                      ],
                    },
                    "/*",
                  ],
                ],
              },
            },
          ],
          "Version": "2012-10-17",
        },
      },
      "Type": "AWS::S3::BucketPolicy",
    },
    "SiteDistribution3FF9535D": {
      "Properties": {
        "DistributionConfig": {
          "CustomErrorResponses": [
            {
              "ErrorCode": 403,
              "ResponseCode": 200,
              "ResponsePagePath": "/index.html",
            },
            {
              "ErrorCode": 404,
              "ResponseCode": 200,
              "ResponsePagePath": "/index.html",
            },
          ],
          "DefaultCacheBehavior": {
            "CachePolicyId": "658327ea-f89d-4fab-a63d-7e88639e58f6",
            "Compress": true,
            "TargetOriginId": "MaekbeatSiteDistributionOrigin1B5B2ACE1",
            "ViewerProtocolPolicy": "redirect-to-https",
          },
          "DefaultRootObject": "index.html",
          "Enabled": true,
          "HttpVersion": "http2",
          "IPV6Enabled": true,
          "Origins": [
            {
              "DomainName": {
                "Fn::GetAtt": [
                  "SiteBucket397A1860",
                  "RegionalDomainName",
                ],
              },
              "Id": "MaekbeatSiteDistributionOrigin1B5B2ACE1",
              "OriginAccessControlId": {
                "Fn::GetAtt": [
                  "SiteDistributionOrigin1S3OriginAccessControl7D960FE6",
                  "Id",
                ],
              },
              "S3OriginConfig": {
                "OriginAccessIdentity": "",
              },
            },
          ],
        },
      },
      "Type": "AWS::CloudFront::Distribution",
    },
    "SiteDistributionOrigin1S3OriginAccessControl7D960FE6": {
      "Properties": {
        "OriginAccessControlConfig": {
          "Name": "MaekbeatSiteDistributionOrigin1S3OriginAccessControl0BCE2F85",
          "OriginAccessControlOriginType": "s3",
          "SigningBehavior": "always",
          "SigningProtocol": "sigv4",
        },
      },
      "Type": "AWS::CloudFront::OriginAccessControl",
    },
    "Vpc8378EB38": {
      "Properties": {
        "CidrBlock": "10.0.0.0/16",
        "EnableDnsHostnames": true,
        "EnableDnsSupport": true,
        "InstanceTenancy": "default",
        "Tags": [
          {
            "Key": "Name",
            "Value": "Maekbeat/Vpc",
          },
        ],
      },
      "Type": "AWS::EC2::VPC",
    },
    "VpcIGWD7BA715C": {
      "Properties": {
        "Tags": [
          {
            "Key": "Name",
            "Value": "Maekbeat/Vpc",
          },
        ],
      },
      "Type": "AWS::EC2::InternetGateway",
    },
    "VpcPrivateSubnet1DefaultRouteBE02A9ED": {
      "Properties": {
        "DestinationCidrBlock": "0.0.0.0/0",
        "NatGatewayId": {
          "Ref": "VpcPublicSubnet1NATGateway4D7517AA",
        },
        "RouteTableId": {
          "Ref": "VpcPrivateSubnet1RouteTableB2C5B500",
        },
      },
      "Type": "AWS::EC2::Route",
    },
    "VpcPrivateSubnet1RouteTableAssociation70C59FA6": {
      "Properties": {
        "RouteTableId": {
          "Ref": "VpcPrivateSubnet1RouteTableB2C5B500",
        },
        "SubnetId": {
          "Ref": "VpcPrivateSubnet1Subnet536B997A",
        },
      },
      "Type": "AWS::EC2::SubnetRouteTableAssociation",
    },
    "VpcPrivateSubnet1RouteTableB2C5B500": {
      "Properties": {
        "Tags": [
          {
            "Key": "Name",
            "Value": "Maekbeat/Vpc/PrivateSubnet1",
          },
        ],
        "VpcId": {
          "Ref": "Vpc8378EB38",
        },
      },
      "Type": "AWS::EC2::RouteTable",
    },
    "VpcPrivateSubnet1Subnet536B997A": {
      "Properties": {
        "AvailabilityZone": {
          "Fn::Select": [
            0,
            {
              "Fn::GetAZs": "",
            },
          ],
        },
        "CidrBlock": "10.0.128.0/18",
        "MapPublicIpOnLaunch": false,
        "Tags": [
          {
            "Key": "aws-cdk:subnet-name",
            "Value": "Private",
          },
          {
            "Key": "aws-cdk:subnet-type",
            "Value": "Private",
          },
          {
            "Key": "Name",
            "Value": "Maekbeat/Vpc/PrivateSubnet1",
          },
        ],
        "VpcId": {
          "Ref": "Vpc8378EB38",
        },
      },
      "Type": "AWS::EC2::Subnet",
    },
    "VpcPrivateSubnet2DefaultRoute060D2087": {
      "Properties": {
        "DestinationCidrBlock": "0.0.0.0/0",
        "NatGatewayId": {
          "Ref": "VpcPublicSubnet1NATGateway4D7517AA",
        },
        "RouteTableId": {
          "Ref": "VpcPrivateSubnet2RouteTableA678073B",
        },
      },
      "Type": "AWS::EC2::Route",
    },
    "VpcPrivateSubnet2RouteTableA678073B": {
      "Properties": {
        "Tags": [
          {
            "Key": "Name",
            "Value": "Maekbeat/Vpc/PrivateSubnet2",
          },
        ],
        "VpcId": {
          "Ref": "Vpc8378EB38",
        },
      },
      "Type": "AWS::EC2::RouteTable",
    },
    "VpcPrivateSubnet2RouteTableAssociationA89CAD56": {
      "Properties": {
        "RouteTableId": {
          "Ref": "VpcPrivateSubnet2RouteTableA678073B",
        },
        "SubnetId": {
          "Ref": "VpcPrivateSubnet2Subnet3788AAA1",
        },
      },
      "Type": "AWS::EC2::SubnetRouteTableAssociation",
    },
    "VpcPrivateSubnet2Subnet3788AAA1": {
      "Properties": {
        "AvailabilityZone": {
          "Fn::Select": [
            1,
            {
              "Fn::GetAZs": "",
            },
          ],
        },
        "CidrBlock": "10.0.192.0/18",
        "MapPublicIpOnLaunch": false,
        "Tags": [
          {
            "Key": "aws-cdk:subnet-name",
            "Value": "Private",
          },
          {
            "Key": "aws-cdk:subnet-type",
            "Value": "Private",
          },
          {
            "Key": "Name",
            "Value": "Maekbeat/Vpc/PrivateSubnet2",
          },
        ],
        "VpcId": {
          "Ref": "Vpc8378EB38",
        },
      },
      "Type": "AWS::EC2::Subnet",
    },
    "VpcPublicSubnet1DefaultRoute3DA9E72A": {
      "DependsOn": [
        "VpcVPCGWBF912B6E",
      ],
      "Properties": {
        "DestinationCidrBlock": "0.0.0.0/0",
        "GatewayId": {
          "Ref": "VpcIGWD7BA715C",
        },
        "RouteTableId": {
          "Ref": "VpcPublicSubnet1RouteTable6C95E38E",
        },
      },
      "Type": "AWS::EC2::Route",
    },
    "VpcPublicSubnet1EIPD7E02669": {
      "Properties": {
        "Domain": "vpc",
        "Tags": [
          {
            "Key": "Name",
            "Value": "Maekbeat/Vpc/PublicSubnet1",
          },
        ],
      },
      "Type": "AWS::EC2::EIP",
    },
    "VpcPublicSubnet1NATGateway4D7517AA": {
      "DependsOn": [
        "VpcPublicSubnet1DefaultRoute3DA9E72A",
        "VpcPublicSubnet1RouteTableAssociation97140677",
      ],
      "Properties": {
        "AllocationId": {
          "Fn::GetAtt": [
            "VpcPublicSubnet1EIPD7E02669",
            "AllocationId",
          ],
        },
        "SubnetId": {
          "Ref": "VpcPublicSubnet1Subnet5C2D37C4",
        },
        "Tags": [
          {
            "Key": "Name",
            "Value": "Maekbeat/Vpc/PublicSubnet1",
          },
        ],
      },
      "Type": "AWS::EC2::NatGateway",
    },
    "VpcPublicSubnet1RouteTable6C95E38E": {
      "Properties": {
        "Tags": [
          {
            "Key": "Name",
            "Value": "Maekbeat/Vpc/PublicSubnet1",
          },
        ],
        "VpcId": {
          "Ref": "Vpc8378EB38",
        },
      },
      "Type": "AWS::EC2::RouteTable",
    },
    "VpcPublicSubnet1RouteTableAssociation97140677": {
      "Properties": {
        "RouteTableId": {
          "Ref": "VpcPublicSubnet1RouteTable6C95E38E",
        },
        "SubnetId": {
          "Ref": "VpcPublicSubnet1Subnet5C2D37C4",
        },
      },
      "Type": "AWS::EC2::SubnetRouteTableAssociation",
    },
    "VpcPublicSubnet1Subnet5C2D37C4": {
      "Properties": {
        "AvailabilityZone": {
          "Fn::Select": [
            0,
            {
              "Fn::GetAZs": "",
            },
          ],
        },
        "CidrBlock": "10.0.0.0/18",
        "MapPublicIpOnLaunch": true,
        "Tags": [
          {
            "Key": "aws-cdk:subnet-name",
            "Value": "Public",
          },
          {
            "Key": "aws-cdk:subnet-type",
            "Value": "Public",
          },
          {
            "Key": "Name",
            "Value": "Maekbeat/Vpc/PublicSubnet1",
          },
        ],
        "VpcId": {
          "Ref": "Vpc8378EB38",
        },
      },
      "Type": "AWS::EC2::Subnet",
    },
    "VpcPublicSubnet2DefaultRoute97F91067": {
      "DependsOn": [
        "VpcVPCGWBF912B6E",
      ],
      "Properties": {
        "DestinationCidrBlock": "0.0.0.0/0",
        "GatewayId": {
          "Ref": "VpcIGWD7BA715C",
        },
        "RouteTableId": {
          "Ref": "VpcPublicSubnet2RouteTable94F7E489",
        },
      },
      "Type": "AWS::EC2::Route",
    },
    "VpcPublicSubnet2RouteTable94F7E489": {
      "Properties": {
        "Tags": [
          {
            "Key": "Name",
            "Value": "Maekbeat/Vpc/PublicSubnet2",
          },
        ],
        "VpcId": {
          "Ref": "Vpc8378EB38",
        },
      },
      "Type": "AWS::EC2::RouteTable",
    },
    "VpcPublicSubnet2RouteTableAssociationDD5762D8": {
      "Properties": {
        "RouteTableId": {
          "Ref": "VpcPublicSubnet2RouteTable94F7E489",
        },
        "SubnetId": {
          "Ref": "VpcPublicSubnet2Subnet691E08A3",
        },
      },
      "Type": "AWS::EC2::SubnetRouteTableAssociation",
    },
    "VpcPublicSubnet2Subnet691E08A3": {
      "Properties": {
        "AvailabilityZone": {
          "Fn::Select": [
            1,
            {
              "Fn::GetAZs": "",
            },
          ],
        },
        "CidrBlock": "10.0.64.0/18",
        "MapPublicIpOnLaunch": true,
        "Tags": [
          {
            "Key": "aws-cdk:subnet-name",
            "Value": "Public",
          },
          {
            "Key": "aws-cdk:subnet-type",
            "Value": "Public",
          },
          {
            "Key": "Name",
            "Value": "Maekbeat/Vpc/PublicSubnet2",
          },
        ],
        "VpcId": {
          "Ref": "Vpc8378EB38",
        },
      },
      "Type": "AWS::EC2::Subnet",
    },
    "VpcVPCGWBF912B6E": {
      "Properties": {
        "InternetGatewayId": {
          "Ref": "VpcIGWD7BA715C",
        },
        "VpcId": {
          "Ref": "Vpc8378EB38",
        },
      },
      "Type": "AWS::EC2::VPCGatewayAttachment",
    },
  },
  "Rules": {
    "CheckBootstrapVersion": {
      "Assertions": [
        {
          "Assert": {
            "Fn::Not": [
              {
                "Fn::Contains": [
                  [
                    "1",
                    "2",
                    "3",
                    "4",
                    "5",
                  ],
                  {
                    "Ref": "BootstrapVersion",
                  },
                ],
              },
            ],
          },
          "AssertDescription": "CDK bootstrap stack version 6 required. Please run 'cdk bootstrap' with a recent version of the CDK CLI.",
        },
      ],
    },
  },
}
`;
